> install.packages("tm")
WARNING: Rtools is required to build R packages but is not currently installed. Please download and install the appropriate version of Rtools before proceeding:

https://cran.rstudio.com/bin/windows/Rtools/
Installing package into ‘C:/Users/Elizabeth Griffin/Documents/R/win-library/4.1’
(as ‘lib’ is unspecified)
trying URL 'https://cran.rstudio.com/bin/windows/contrib/4.1/tm_0.7-11.zip'
Content type 'application/zip' length 1354424 bytes (1.3 MB)
downloaded 1.3 MB

package ‘tm’ successfully unpacked and MD5 sums checked

The downloaded binary packages are in
	C:\Users\Elizabeth Griffin\AppData\Local\Temp\RtmpwbmNoF\downloaded_packages
> install.packages("SnowballC")
WARNING: Rtools is required to build R packages but is not currently installed. Please download and install the appropriate version of Rtools before proceeding:

https://cran.rstudio.com/bin/windows/Rtools/
Installing package into ‘C:/Users/Elizabeth Griffin/Documents/R/win-library/4.1’
(as ‘lib’ is unspecified)

  There is a binary version available but the source version is later:
          binary source needs_compilation
SnowballC  0.7.0  0.7.1              TRUE

  Binaries will be installed
trying URL 'https://cran.rstudio.com/bin/windows/contrib/4.1/SnowballC_0.7.0.zip'
Content type 'application/zip' length 450226 bytes (439 KB)
downloaded 439 KB

package ‘SnowballC’ successfully unpacked and MD5 sums checked

The downloaded binary packages are in
	C:\Users\Elizabeth Griffin\AppData\Local\Temp\RtmpwbmNoF\downloaded_packages
> install.packages("wordcloud")
WARNING: Rtools is required to build R packages but is not currently installed. Please download and install the appropriate version of Rtools before proceeding:

https://cran.rstudio.com/bin/windows/Rtools/
Installing package into ‘C:/Users/Elizabeth Griffin/Documents/R/win-library/4.1’
(as ‘lib’ is unspecified)
trying URL 'https://cran.rstudio.com/bin/windows/contrib/4.1/wordcloud_2.6.zip'
Content type 'application/zip' length 782413 bytes (764 KB)
downloaded 764 KB

package ‘wordcloud’ successfully unpacked and MD5 sums checked

The downloaded binary packages are in
	C:\Users\Elizabeth Griffin\AppData\Local\Temp\RtmpwbmNoF\downloaded_packages
> install.packages("RColorBrewer")
WARNING: Rtools is required to build R packages but is not currently installed. Please download and install the appropriate version of Rtools before proceeding:

https://cran.rstudio.com/bin/windows/Rtools/
Installing package into ‘C:/Users/Elizabeth Griffin/Documents/R/win-library/4.1’
(as ‘lib’ is unspecified)
trying URL 'https://cran.rstudio.com/bin/windows/contrib/4.1/RColorBrewer_1.1-3.zip'
Content type 'application/zip' length 55887 bytes (54 KB)
downloaded 54 KB

package ‘RColorBrewer’ successfully unpacked and MD5 sums checked

The downloaded binary packages are in
	C:\Users\Elizabeth Griffin\AppData\Local\Temp\RtmpwbmNoF\downloaded_packages
> install.packages("syuzhet")
WARNING: Rtools is required to build R packages but is not currently installed. Please download and install the appropriate version of Rtools before proceeding:

https://cran.rstudio.com/bin/windows/Rtools/
Installing package into ‘C:/Users/Elizabeth Griffin/Documents/R/win-library/4.1’
(as ‘lib’ is unspecified)
trying URL 'https://cran.rstudio.com/bin/windows/contrib/4.1/syuzhet_1.0.6.zip'
Content type 'application/zip' length 3107931 bytes (3.0 MB)
downloaded 3.0 MB

package ‘syuzhet’ successfully unpacked and MD5 sums checked

The downloaded binary packages are in
	C:\Users\Elizabeth Griffin\AppData\Local\Temp\RtmpwbmNoF\downloaded_packages
> install.packages("ggplot2")
WARNING: Rtools is required to build R packages but is not currently installed. Please download and install the appropriate version of Rtools before proceeding:

https://cran.rstudio.com/bin/windows/Rtools/
Installing package into ‘C:/Users/Elizabeth Griffin/Documents/R/win-library/4.1’
(as ‘lib’ is unspecified)
trying URL 'https://cran.rstudio.com/bin/windows/contrib/4.1/ggplot2_3.4.2.zip'
Content type 'application/zip' length 4295743 bytes (4.1 MB)
downloaded 4.1 MB

package ‘ggplot2’ successfully unpacked and MD5 sums checked

The downloaded binary packages are in
	C:\Users\Elizabeth Griffin\AppData\Local\Temp\RtmpwbmNoF\downloaded_packages
> library(tm)
Loading required package: NLP
Warning message:
package ‘tm’ was built under R version 4.1.3 
> library(SnowballC)
> library(wordcloud)
Loading required package: RColorBrewer
Warning messages:
1: package ‘wordcloud’ was built under R version 4.1.3 
2: package ‘RColorBrewer’ was built under R version 4.1.3 
> library(RColorBrewer)
> library(syuzhet)
Warning message:
package ‘syuzhet’ was built under R version 4.1.3 
> library("ggplot2")

Attaching package: ‘ggplot2’

The following object is masked from ‘package:NLP’:

    annotate

Warning message:
package ‘ggplot2’ was built under R version 4.1.3 
> text <-read.delim("tweets.txt")
Error in file(file, "rt") : cannot open the connection
In addition: Warning message:
In file(file, "rt") :
  cannot open file 'tweets.txt': No such file or directory
> text <- read.delim("tweets.txt")
Error in file(file, "rt") : cannot open the connection
In addition: Warning message:
In file(file, "rt") :
  cannot open file 'tweets.txt': No such file or directory
> text <-readLines(file.choose())
> TextDoc <- Corpus(VectorSource(text))
> toSpace <- content_transformer(function(x, pattern)gsub(pattern, " ", x ))
> TextDoc <- tm_map (TextDoc, toSpace, "/")
Warning message:
In tm_map.SimpleCorpus(TextDoc, toSpace, "/") :
  transformation drops documents
> TextDoc< tm_map(TextDoc, toSpace, "@")
Error in TextDoc < tm_map(TextDoc, toSpace, "@") : 
  comparison of these types is not implemented
In addition: Warning message:
In tm_map.SimpleCorpus(TextDoc, toSpace, "@") :
  transformation drops documents
> TextDoc<-tm_map(TextDoc, toSpace, "@")
Warning message:
In tm_map.SimpleCorpus(TextDoc, toSpace, "@") :
  transformation drops documents
> TextDoc<- tm_map(TextDoc, toSpace, "\\|")
Warning message:
In tm_map.SimpleCorpus(TextDoc, toSpace, "\\|") :
  transformation drops documents
> TextDoc<- tm_map (TextDoc, content_transformer(tolower))
Warning message:
In tm_map.SimpleCorpus(TextDoc, content_transformer(tolower)) :
  transformation drops documents
> TextDoc<- tm_map(TextDoc, removeNumbers)
Warning message:
In tm_map.SimpleCorpus(TextDoc, removeNumbers) :
  transformation drops documents
> TextDoc <- tm_map(TextDoc, removeWords, stopwords("english"))
Warning message:
In tm_map.SimpleCorpus(TextDoc, removeWords, stopwords("english")) :
  transformation drops documents
> TextDoc <- tm_map(TextDoc, removeWords, c("s", "company", "team")) 
Warning message:
In tm_map.SimpleCorpus(TextDoc, removeWords, c("s", "company", "team")) :
  transformation drops documents
> TextDoc <- tm_map(TextDoc, removePunctuation)
Warning message:
In tm_map.SimpleCorpus(TextDoc, removePunctuation) :
  transformation drops documents
> TextDoc <- tm_map(TextDoc, stripWhitespace)
Warning message:
In tm_map.SimpleCorpus(TextDoc, stripWhitespace) :
  transformation drops documents
> TextDoc <- tm_map(TextDoc, stemDocument)
Warning message:
In tm_map.SimpleCorpus(TextDoc, stemDocument) :
  transformation drops documents
> TextDoc_dtm <- TermDocumentMatrix(TextDoc)
> dtm_m <- as.matrix(TextDoc_dtm)
> dtm_v <- sort(rowSums(dtm_m),decreasing=TRUE)
> dtm_d <- data.frame(word = names(dtm_v),freq=dtm_v)
> head(dtm_d, 5)
                 word freq
cancer         cancer   78
mdanderson mdanderson   52
anderson     anderson   38
thank           thank   25
great           great   22
> head(dtm_d, 20)
                 word freq
cancer         cancer   78
mdanderson mdanderson   52
anderson     anderson   38
thank           thank   25
great           great   22
one               one   21
breast         breast   19
can               can   18
year             year   18
patient       patient   18
get               get   17
confer         confer   17
month           month   16
day               day   16
check           check   15
love             love   15
nurs             nurs   15
houston       houston   14
today           today   14
treatment   treatment   14
> barplot(dtm_d[1:5,]$freq, las = 2, names.arg = dtm_d[1:5,]$word,
+         col ="lightgreen", main ="Top 5 most frequent words",
+         ylab = "Word frequencies")
> set.seed(1234)
> wordcloud(words = dtm_d$word, freq = dtm_d$freq, min.freq = 5,
+           max.words=100, random.order=FALSE, rot.per=0.40, 
+           colors=brewer.pal(8, "Dark2"))
> findAssocs(TextDoc_dtm, terms = c("great","best","health"), corlimit = 0.25)			
$great
 height   laura michael  nephew wichita  realli   coach     got support  person alreadi    geno    joel   thank   quick     two   human   emerg  improv 
   0.65    0.65    0.65    0.65    0.65    0.50    0.50    0.45    0.45    0.41    0.37    0.37    0.37    0.34    0.32    0.29    0.27    0.26    0.26 

$best
          place          recent         diagnos            sinc          employ            larg         husband             got         america 
           0.57            0.57            0.49            0.49            0.47            0.47            0.44            0.40            0.38 
           came headandneckcanc        awardyou       congratul      rezvanilab            food          texmex            help 
           0.37            0.33            0.33            0.33            0.33            0.33            0.33            0.26 

$health
       futur larryellison        paper       listen       latest        daili         talk          use 
        0.71         0.71         0.71         0.57         0.49         0.49         0.44         0.40 

> 
> findAssocs(TextDoc_dtm, terms = c("great","best","awesome"), corlimit = 0.50)	
$great
 height   laura michael  nephew wichita 
   0.65    0.65    0.65    0.65    0.65 

$best
 place recent 
  0.57   0.57 

$awesome
numeric(0)

> findAssocs(TextDoc_dtm, terms = c("great","best","mdanderson"), corlimit = 0.25)	
$great
 height   laura michael  nephew wichita  realli   coach     got support  person alreadi    geno    joel   thank   quick     two   human   emerg  improv 
   0.65    0.65    0.65    0.65    0.65    0.50    0.50    0.45    0.45    0.41    0.37    0.37    0.37    0.34    0.32    0.29    0.27    0.26    0.26 

$best
          place          recent         diagnos            sinc          employ            larg         husband             got         america 
           0.57            0.57            0.49            0.49            0.47            0.47            0.44            0.40            0.38 
           came headandneckcanc        awardyou       congratul      rezvanilab            food          texmex            help 
           0.37            0.33            0.33            0.33            0.33            0.33            0.33            0.26 

$mdanderson
still 
 0.26 

> findAssocs(TextDoc_dtm, terms = c("great","best","sucks"), corlimit = 0.25)	
$great
 height   laura michael  nephew wichita  realli   coach     got support  person alreadi    geno    joel   thank   quick     two   human   emerg  improv 
   0.65    0.65    0.65    0.65    0.65    0.50    0.50    0.45    0.45    0.41    0.37    0.37    0.37    0.34    0.32    0.29    0.27    0.26    0.26 

$best
          place          recent         diagnos            sinc          employ            larg         husband             got         america 
           0.57            0.57            0.49            0.49            0.47            0.47            0.44            0.40            0.38 
           came headandneckcanc        awardyou       congratul      rezvanilab            food          texmex            help 
           0.37            0.33            0.33            0.33            0.33            0.33            0.33            0.26 

$sucks
numeric(0)

> findAssocs(TextDoc_dtm, terms = c("great","best","anderson"), corlimit = 0.25)
$great
 height   laura michael  nephew wichita  realli   coach     got support  person alreadi    geno    joel   thank   quick     two   human   emerg  improv 
   0.65    0.65    0.65    0.65    0.65    0.50    0.50    0.45    0.45    0.41    0.37    0.37    0.37    0.34    0.32    0.29    0.27    0.26    0.26 

$best
          place          recent         diagnos            sinc          employ            larg         husband             got         america 
           0.57            0.57            0.49            0.49            0.47            0.47            0.44            0.40            0.38 
           came headandneckcanc        awardyou       congratul      rezvanilab            food          texmex            help 
           0.37            0.33            0.33            0.33            0.33            0.33            0.33            0.26 

$anderson
      actual       layoff      visitor         host      univers        novel         just       accord       affect        child       condit     diagnosi 
        0.32         0.32         0.32         0.30         0.30         0.30         0.27         0.26         0.26         0.26         0.26         0.26 
       handl         kiwi       parent      whether        choos    interview        photo       reason         sift        slide         want       height 
        0.26         0.26         0.26         0.26         0.26         0.26         0.26         0.26         0.26         0.26         0.26         0.26 
       laura      michael       nephew      wichita        advoc          dec inflammatori         mani      sponsor          dbt         educ       omofoy 
        0.26         0.26         0.26         0.26         0.26         0.26         0.26         0.26         0.26         0.26         0.26         0.26 
   primarili     woodland 
        0.26         0.26 

> syuzhet_vector <- get_sentiment(text, method="syuzhet")
> head(syuzhet_vector)
[1]  0.75  0.90  1.85 -0.25  0.80  1.50
> summary(syuzhet_vector)
   Min. 1st Qu.  Median    Mean 3rd Qu.    Max. 
-2.0000  0.0000  0.0000  0.3928  0.7500  2.8000 
> d<-get_nrc_sentiment(text)
> head (d,10)
   anger anticipation disgust fear joy sadness surprise trust negative positive
1      0            1       0    0   1       0        0     1        0        1
2      1            2       1    2   1       1        0     1        2        2
3      0            1       0    0   1       0        0     3        0        3
4      1            0       1    1   0       1        0     0        1        0
5      0            0       0    0   0       0        0     0        0        0
6      1            0       1    1   2       1        0     2        1        3
7      0            0       1    1   0       1        0     0        1        1
8      2            0       2    2   0       1        0     1        2        1
9      1            0       1    1   0       1        0     0        1        0
10     0            1       0    0   0       0        0     0        0        2
> td<-data.frame(t(d))
> td_new <- data.frame(rowSums(td[2:253]))
> names(td_new)[1] <- "count"
> td_new <- cbind("sentiment" = rownames(td_new), td_new)
> rownames(td_new) <- NULL
> td_new2<-td_new[1:8,]
> quickplot(sentiment, data=td_new2, weight=count, geom="bar", fill=sentiment, ylab="count")+ggtitle("Survey sentiments")
Warning message:
`qplot()` was deprecated in ggplot2 3.4.0.
This warning is displayed once every 8 hours.
Call `lifecycle::last_lifecycle_warnings()` to see where this warning was generated. 
> barplot(
+     sort(colSums(prop.table(d[, 1:8]))), 
+     horiz = TRUE, 
+     cex.names = 0.7, 
+     las = 1, 
+     main = "Emotions in Text", xlab="Percentage"
+ )